// Vitest Snapshot v1, https://vitest.dev/guide/snapshot.html

exports[`CreateEventPage.vue > renders correctly 1`] = `
"<v-app data-v-8bf04b29="" class="d-flex flex-column w-100">
  <div data-v-8bf04b29="">
    <!-- Desktop Navbar -->
    <v-app-bar app="" color="secondary" dense="" flat="" class="py-2 mb-2 hidden-sm-and-down fill-width">
      <v-container>
        <v-row class="d-flex align-center justify-space-evenly">
          <v-col cols="1">
            <v-img src="../../favicon.ico" alt="Platform Logo" height="40"></v-img>
          </v-col>
          <v-col cols="3">
            <v-text-field modelvalue="" color="primary" bg-color="complementary" placeholder="Pesquisar eventos..." prepend-inner-icon="mdi-magnify" variant="outlined" flat="" hide-details="" rounded=""></v-text-field>
          </v-col>
          <v-col cols="3">
            <v-select items="Localização 1,Localização 2,Localização 3" item-text="name" item-value="id" label="Localizações" prepend-inner-icon="mdi-map-marker" variant="solo" density="comfortable" bg-color="transparent" flat="" rounded="" hide-details="" class="pr-6"></v-select>
          </v-col>
          <v-col cols="4" class="d-flex align-center justify-space-around">
            <v-btn to="[object Object]">Crie seu evento</v-btn>
            <v-btn>Acesse sua conta</v-btn>
            <v-btn class="text-none" color="primary" variant="flat" style="border: 1px solid white;" rounded="xs"><b>Cadastre-se</b></v-btn>
          </v-col>
        </v-row>
      </v-container>
    </v-app-bar><!-- Mobile Navbar -->
    <v-app-bar app="" color="secondary" dense="" flat="" class="py-2 mb-0 hidden-md-and-up" style="position: fixed; top: 0px; left: 0px; right: 0px;">
      <v-container>
        <v-row class="d-flex align-center justify-space-between">
          <v-col cols="2">
            <v-img src="../../favicon.ico" alt="Platform Logo" height="40"></v-img>
          </v-col>
          <v-col cols="2" class="d-flex align-center justify-end">
            <v-btn icon="">
              <v-icon>mdi-menu</v-icon>
            </v-btn>
          </v-col>
        </v-row>
      </v-container>
    </v-app-bar><!-- Mobile Navigation Dialog -->
    <v-dialog modelvalue="false" fullscreen="" hide-overlay="" transition="dialog-bottom-transition">
      <v-card>
        <v-toolbar flat="" color="secondary">
          <v-toolbar-title>Mobile Menu</v-toolbar-title>
          <v-spacer></v-spacer>
          <v-btn icon="">
            <v-icon>mdi-close</v-icon>
          </v-btn>
        </v-toolbar>
        <v-list>
          <v-list-item>
            <v-list-item-title>Pesquisar eventos</v-list-item-title>
          </v-list-item>
          <v-list-item>
            <v-list-item-title>Crie seu evento</v-list-item-title>
          </v-list-item>
          <v-list-item>
            <v-list-item-title>Acesse sua conta</v-list-item-title>
          </v-list-item>
          <v-list-item>
            <v-list-item-title>Cadastre-se</v-list-item-title>
          </v-list-item>
          <v-list-group>
            <v-list-item>
              <v-list-item-title>Localização 1</v-list-item-title>
            </v-list-item>
            <v-list-item>
              <v-list-item-title>Localização 2</v-list-item-title>
            </v-list-item>
            <v-list-item>
              <v-list-item-title>Localização 3</v-list-item-title>
            </v-list-item>
          </v-list-group>
        </v-list>
        <!--v-if-->
      </v-card>
    </v-dialog>
  </div>
  <v-main data-v-8bf04b29="" class="flex-grow-1 pa-16 mb-10">
    <v-container data-v-8bf04b29="" fluid="" class="pa-6 d-flex flex-column align-center">
      <h1 data-v-8bf04b29="" class="form-title">Crie seu Evento</h1>
      <v-form data-v-8bf04b29="" class="pa-3 d-flex flex-column align-center max-width-form">
        <v-text-field data-v-8bf04b29="" modelvalue="" label="Nome do Evento" required="" class="field-size"></v-text-field>
        <v-text-field data-v-8bf04b29="" modelvalue="" label="Data de Início do Evento" type="date" required="" class="field-size"></v-text-field>
        <v-text-field data-v-8bf04b29="" modelvalue="" label="Data de Fim do Evento" type="date" required="" class="field-size"></v-text-field>
        <v-select data-v-8bf04b29="" class="field-size" label="Localização do Evento" modelvalue="" items="" item-title="local_name" item-value="id" required=""></v-select>
        <v-select data-v-8bf04b29="" modelvalue="" items="conference,workshop,seminar,meetup" label="Tipo do Evento" required="" class="field-size"></v-select>
        <v-text-field data-v-8bf04b29="" modelvalue="" label="Quantidade Mínima de Participantes" type="number" required="" class="field-size" min="1"></v-text-field>
        <v-text-field data-v-8bf04b29="" modelvalue="" label="Quantidade Máxima de Participantes" type="number" required="" class="field-size" min="1"></v-text-field>
        <v-text-field data-v-8bf04b29="" modelvalue="" label="Quantidade de Horas" type="number" required="" class="field-size" min="1"></v-text-field>
        <v-textarea data-v-8bf04b29="" modelvalue="" label="Descrição do Evento" required="" class="field-size"></v-textarea>
        <v-row data-v-8bf04b29="" class="mt-4">
          <v-col data-v-8bf04b29="" cols="6" class="d-flex justify-start">
            <v-btn data-v-8bf04b29="" color="secondary" class="btn-size btn-style voltar-btn" elevation="2">Voltar</v-btn>
          </v-col>
          <v-col data-v-8bf04b29="" cols="6" class="d-flex justify-end">
            <v-btn data-v-8bf04b29="" type="submit" color="primary" class="btn-size btn-style" elevation="2">Criar Evento</v-btn>
          </v-col>
        </v-row>
      </v-form>
    </v-container>
  </v-main>
  <v-footer data-v-4896eafd="" data-v-8bf04b29="" color="secondary" class="py-6" width="auto" height="auto">
    <v-container data-v-4896eafd="">
      <v-row data-v-4896eafd="" class="footer-row" align="center" justify="space-between">
        <v-col data-v-4896eafd="" cols="12" md="2" class="d-flex align-center justify-center mb-4 mb-md-0">
          <v-img data-v-4896eafd="" src="../../favicon.ico" alt="Platform Logo" height="40"></v-img>
        </v-col>
        <v-col data-v-4896eafd="" cols="12" md="3" class="text-center text-md-left">
          <h3 data-v-4896eafd="" class="text-h6 font-weight-bold">Encontre Eventos</h3>
          <v-list data-v-4896eafd="" dense="">
            <v-list-item data-v-4896eafd="">
              <v-list-item-title data-v-4896eafd="">Hoje</v-list-item-title>
            </v-list-item>
            <v-list-item data-v-4896eafd="">
              <v-list-item-title data-v-4896eafd="">Amanhã</v-list-item-title>
            </v-list-item>
            <v-list-item data-v-4896eafd="">
              <v-list-item-title data-v-4896eafd="">Esta Semana</v-list-item-title>
            </v-list-item>
            <v-list-item data-v-4896eafd="">
              <v-list-item-title data-v-4896eafd="">Próxima Semana</v-list-item-title>
            </v-list-item>
          </v-list>
        </v-col>
        <v-col data-v-4896eafd="" cols="12" md="3" class="text-center text-md-left">
          <h3 data-v-4896eafd="" class="text-h6 font-weight-bold">Mapa do site</h3>
          <v-list data-v-4896eafd="" dense="">
            <v-list-item data-v-4896eafd="">
              <v-list-item-title data-v-4896eafd="">Home</v-list-item-title>
            </v-list-item>
            <v-list-item data-v-4896eafd="">
              <v-list-item-title data-v-4896eafd="">Eventos</v-list-item-title>
            </v-list-item>
            <v-list-item data-v-4896eafd="">
              <v-list-item-title data-v-4896eafd="">Login</v-list-item-title>
            </v-list-item>
            <v-list-item data-v-4896eafd="">
              <v-list-item-title data-v-4896eafd="">Contato</v-list-item-title>
            </v-list-item>
          </v-list>
        </v-col>
        <v-col data-v-4896eafd="" cols="12" md="4" class="text-center text-md-left">
          <h3 data-v-4896eafd="" class="text-h6 font-weight-bold">Contato</h3>
          <v-list data-v-4896eafd="" dense="">
            <v-list-item data-v-4896eafd="">
              <v-list-item-title data-v-4896eafd="">Email: fakeemail@gmail.com</v-list-item-title>
            </v-list-item>
            <v-list-item data-v-4896eafd="">
              <v-list-item-title data-v-4896eafd="">Celular: 213214124124</v-list-item-title>
            </v-list-item>
          </v-list>
        </v-col>
      </v-row>
    </v-container>
  </v-footer>
  <v-snackbar data-v-8bf04b29="" modelvalue="true" color="red" timeout="3000" top="">Erro ao buscar locais</v-snackbar>
</v-app>"
`;

exports[`EventForm.vue > renders correctly 1`] = `
"<v-app data-v-8bf04b29="" class="d-flex flex-column w-100">
  <div data-v-8bf04b29="">
    <!-- Desktop Navbar -->
    <v-app-bar app="" color="secondary" dense="" flat="" class="py-2 mb-2 hidden-sm-and-down fill-width">
      <v-container>
        <v-row class="d-flex align-center justify-space-evenly">
          <v-col cols="1">
            <v-img src="../../favicon.ico" alt="Platform Logo" height="40"></v-img>
          </v-col>
          <v-col cols="3">
            <v-text-field modelvalue="" color="primary" bg-color="complementary" placeholder="Pesquisar eventos..." prepend-inner-icon="mdi-magnify" variant="outlined" flat="" hide-details="" rounded=""></v-text-field>
          </v-col>
          <v-col cols="3">
            <v-select items="Localização 1,Localização 2,Localização 3" item-text="name" item-value="id" label="Localizações" prepend-inner-icon="mdi-map-marker" variant="solo" density="comfortable" bg-color="transparent" flat="" rounded="" hide-details="" class="pr-6"></v-select>
          </v-col>
          <v-col cols="4" class="d-flex align-center justify-space-around">
            <v-btn to="[object Object]">Crie seu evento</v-btn>
            <v-btn>Acesse sua conta</v-btn>
            <v-btn class="text-none" color="primary" variant="flat" style="border: 1px solid white;" rounded="xs"><b>Cadastre-se</b></v-btn>
          </v-col>
        </v-row>
      </v-container>
    </v-app-bar><!-- Mobile Navbar -->
    <v-app-bar app="" color="secondary" dense="" flat="" class="py-2 mb-0 hidden-md-and-up" style="position: fixed; top: 0px; left: 0px; right: 0px;">
      <v-container>
        <v-row class="d-flex align-center justify-space-between">
          <v-col cols="2">
            <v-img src="../../favicon.ico" alt="Platform Logo" height="40"></v-img>
          </v-col>
          <v-col cols="2" class="d-flex align-center justify-end">
            <v-btn icon="">
              <v-icon>mdi-menu</v-icon>
            </v-btn>
          </v-col>
        </v-row>
      </v-container>
    </v-app-bar><!-- Mobile Navigation Dialog -->
    <v-dialog modelvalue="false" fullscreen="" hide-overlay="" transition="dialog-bottom-transition">
      <v-card>
        <v-toolbar flat="" color="secondary">
          <v-toolbar-title>Mobile Menu</v-toolbar-title>
          <v-spacer></v-spacer>
          <v-btn icon="">
            <v-icon>mdi-close</v-icon>
          </v-btn>
        </v-toolbar>
        <v-list>
          <v-list-item>
            <v-list-item-title>Pesquisar eventos</v-list-item-title>
          </v-list-item>
          <v-list-item>
            <v-list-item-title>Crie seu evento</v-list-item-title>
          </v-list-item>
          <v-list-item>
            <v-list-item-title>Acesse sua conta</v-list-item-title>
          </v-list-item>
          <v-list-item>
            <v-list-item-title>Cadastre-se</v-list-item-title>
          </v-list-item>
          <v-list-group>
            <v-list-item>
              <v-list-item-title>Localização 1</v-list-item-title>
            </v-list-item>
            <v-list-item>
              <v-list-item-title>Localização 2</v-list-item-title>
            </v-list-item>
            <v-list-item>
              <v-list-item-title>Localização 3</v-list-item-title>
            </v-list-item>
          </v-list-group>
        </v-list>
        <!--v-if-->
      </v-card>
    </v-dialog>
  </div>
  <v-main data-v-8bf04b29="" class="flex-grow-1 pa-16 mb-10">
    <v-container data-v-8bf04b29="" fluid="" class="pa-6 d-flex flex-column align-center">
      <h1 data-v-8bf04b29="" class="form-title">Crie seu Evento</h1>
      <v-form data-v-8bf04b29="" class="pa-3 d-flex flex-column align-center max-width-form">
        <v-text-field data-v-8bf04b29="" modelvalue="" label="Nome do Evento" required="" class="field-size"></v-text-field>
        <v-text-field data-v-8bf04b29="" modelvalue="" label="Data de Início do Evento" type="date" required="" class="field-size"></v-text-field>
        <v-text-field data-v-8bf04b29="" modelvalue="" label="Data de Fim do Evento" type="date" required="" class="field-size"></v-text-field>
        <v-select data-v-8bf04b29="" class="field-size" label="Localização do Evento" modelvalue="" items="" item-title="local_name" item-value="id" required=""></v-select>
        <v-select data-v-8bf04b29="" modelvalue="" items="conference,workshop,seminar,meetup" label="Tipo do Evento" required="" class="field-size"></v-select>
        <v-text-field data-v-8bf04b29="" modelvalue="" label="Quantidade Mínima de Participantes" type="number" required="" class="field-size" min="1"></v-text-field>
        <v-text-field data-v-8bf04b29="" modelvalue="" label="Quantidade Máxima de Participantes" type="number" required="" class="field-size" min="1"></v-text-field>
        <v-text-field data-v-8bf04b29="" modelvalue="" label="Quantidade de Horas" type="number" required="" class="field-size" min="1"></v-text-field>
        <v-textarea data-v-8bf04b29="" modelvalue="" label="Descrição do Evento" required="" class="field-size"></v-textarea>
        <v-row data-v-8bf04b29="" class="mt-4">
          <v-col data-v-8bf04b29="" cols="6" class="d-flex justify-start">
            <v-btn data-v-8bf04b29="" color="secondary" class="btn-size btn-style voltar-btn" elevation="2">Voltar</v-btn>
          </v-col>
          <v-col data-v-8bf04b29="" cols="6" class="d-flex justify-end">
            <v-btn data-v-8bf04b29="" type="submit" color="primary" class="btn-size btn-style" elevation="2">Criar Evento</v-btn>
          </v-col>
        </v-row>
      </v-form>
    </v-container>
  </v-main>
  <v-footer data-v-4896eafd="" data-v-8bf04b29="" color="secondary" class="py-6" width="auto" height="auto">
    <v-container data-v-4896eafd="">
      <v-row data-v-4896eafd="" class="footer-row" align="center" justify="space-between">
        <v-col data-v-4896eafd="" cols="12" md="2" class="d-flex align-center justify-center mb-4 mb-md-0">
          <v-img data-v-4896eafd="" src="../../favicon.ico" alt="Platform Logo" height="40"></v-img>
        </v-col>
        <v-col data-v-4896eafd="" cols="12" md="3" class="text-center text-md-left">
          <h3 data-v-4896eafd="" class="text-h6 font-weight-bold">Encontre Eventos</h3>
          <v-list data-v-4896eafd="" dense="">
            <v-list-item data-v-4896eafd="">
              <v-list-item-title data-v-4896eafd="">Hoje</v-list-item-title>
            </v-list-item>
            <v-list-item data-v-4896eafd="">
              <v-list-item-title data-v-4896eafd="">Amanhã</v-list-item-title>
            </v-list-item>
            <v-list-item data-v-4896eafd="">
              <v-list-item-title data-v-4896eafd="">Esta Semana</v-list-item-title>
            </v-list-item>
            <v-list-item data-v-4896eafd="">
              <v-list-item-title data-v-4896eafd="">Próxima Semana</v-list-item-title>
            </v-list-item>
          </v-list>
        </v-col>
        <v-col data-v-4896eafd="" cols="12" md="3" class="text-center text-md-left">
          <h3 data-v-4896eafd="" class="text-h6 font-weight-bold">Mapa do site</h3>
          <v-list data-v-4896eafd="" dense="">
            <v-list-item data-v-4896eafd="">
              <v-list-item-title data-v-4896eafd="">Home</v-list-item-title>
            </v-list-item>
            <v-list-item data-v-4896eafd="">
              <v-list-item-title data-v-4896eafd="">Eventos</v-list-item-title>
            </v-list-item>
            <v-list-item data-v-4896eafd="">
              <v-list-item-title data-v-4896eafd="">Login</v-list-item-title>
            </v-list-item>
            <v-list-item data-v-4896eafd="">
              <v-list-item-title data-v-4896eafd="">Contato</v-list-item-title>
            </v-list-item>
          </v-list>
        </v-col>
        <v-col data-v-4896eafd="" cols="12" md="4" class="text-center text-md-left">
          <h3 data-v-4896eafd="" class="text-h6 font-weight-bold">Contato</h3>
          <v-list data-v-4896eafd="" dense="">
            <v-list-item data-v-4896eafd="">
              <v-list-item-title data-v-4896eafd="">Email: fakeemail@gmail.com</v-list-item-title>
            </v-list-item>
            <v-list-item data-v-4896eafd="">
              <v-list-item-title data-v-4896eafd="">Celular: 213214124124</v-list-item-title>
            </v-list-item>
          </v-list>
        </v-col>
      </v-row>
    </v-container>
  </v-footer>
  <v-snackbar data-v-8bf04b29="" modelvalue="true" color="red" timeout="3000" top="">Erro ao buscar locais</v-snackbar>
</v-app>"
`;
