// Vitest Snapshot v1, https://vitest.dev/guide/snapshot.html

exports[`NavBar.vue > renders correctly 1`] = `
"<div>
  <!-- Desktop Navbar -->
  <v-app-bar app="" color="secondary" dense="" flat="" class="py-2 mb-2 hidden-sm-and-down fill-width">
    <v-container>
      <v-row class="d-flex align-center justify-space-evenly">
        <v-col cols="1">
          <v-img src="../../favicon.ico" alt="Platform Logo" height="40"></v-img>
        </v-col>
        <v-col cols="3">
          <v-text-field modelvalue="" color="primary" bg-color="complementary" placeholder="Pesquisar eventos..." prepend-inner-icon="mdi-magnify" variant="outlined" flat="" hide-details="" rounded=""></v-text-field>
        </v-col>
        <v-col cols="3">
          <v-select items="Localização 1,Localização 2,Localização 3" item-text="name" item-value="id" label="Localizações" prepend-inner-icon="mdi-map-marker" variant="solo" density="comfortable" bg-color="transparent" flat="" rounded="" hide-details="" class="pr-6"></v-select>
        </v-col>
        <v-col cols="4" class="d-flex align-center justify-space-around">
          <v-btn to="[object Object]">Crie seu evento</v-btn>
          <v-btn>Acesse sua conta</v-btn>
          <v-btn class="text-none" color="primary" variant="flat" style="border: 1px solid white;" rounded="xs"><b>Cadastre-se</b></v-btn>
        </v-col>
      </v-row>
    </v-container>
  </v-app-bar><!-- Mobile Navbar -->
  <v-app-bar app="" color="secondary" dense="" flat="" class="py-2 mb-0 hidden-md-and-up" style="position: fixed; top: 0px; left: 0px; right: 0px;">
    <v-container>
      <v-row class="d-flex align-center justify-space-between">
        <v-col cols="2">
          <v-img src="../../favicon.ico" alt="Platform Logo" height="40"></v-img>
        </v-col>
        <v-col cols="2" class="d-flex align-center justify-end">
          <v-btn icon="">
            <v-icon>mdi-menu</v-icon>
          </v-btn>
        </v-col>
      </v-row>
    </v-container>
  </v-app-bar><!-- Mobile Navigation Dialog -->
  <v-dialog modelvalue="false" fullscreen="" hide-overlay="" transition="dialog-bottom-transition">
    <v-card>
      <v-toolbar flat="" color="secondary">
        <v-toolbar-title>Mobile Menu</v-toolbar-title>
        <v-spacer></v-spacer>
        <v-btn icon="">
          <v-icon>mdi-close</v-icon>
        </v-btn>
      </v-toolbar>
      <v-list>
        <v-list-item>
          <v-list-item-title>Pesquisar eventos</v-list-item-title>
        </v-list-item>
        <v-list-item>
          <v-list-item-title>Crie seu evento</v-list-item-title>
        </v-list-item>
        <v-list-item>
          <v-list-item-title>Acesse sua conta</v-list-item-title>
        </v-list-item>
        <v-list-item>
          <v-list-item-title>Cadastre-se</v-list-item-title>
        </v-list-item>
        <v-list-group>
          <v-list-item>
            <v-list-item-title>Localização 1</v-list-item-title>
          </v-list-item>
          <v-list-item>
            <v-list-item-title>Localização 2</v-list-item-title>
          </v-list-item>
          <v-list-item>
            <v-list-item-title>Localização 3</v-list-item-title>
          </v-list-item>
        </v-list-group>
      </v-list>
      <!--v-if-->
    </v-card>
  </v-dialog>
</div>"
`;
