// Vitest Snapshot v1, https://vitest.dev/guide/snapshot.html

exports[`UpcomingEvents.vue > renders correctly 1`] = `
"<section data-v-19c29f04="" class="d-block" upcomingevents="[object Object],[object Object],[object Object]">
  <v-row data-v-19c29f04="" justify="center">
    <v-col data-v-19c29f04="" cols="12" lg="10">
      <h2 data-v-19c29f04="" class="text-h4 text-start mb-6 font-weight-bold">Eventos próximos</h2>
      <div data-v-19c29f04="" class="text-center mt-10">
        <p data-v-19c29f04="" class="text-h5 primary--text">Nenhum evento próximo disponível.</p>
      </div>
    </v-col>
  </v-row>
</section>"
`;
